=== Safe ===
   @is_uuid(.id) == true
     @is_uuid(.id) == true
   @is_uuid(.id) == false
     @is_uuid(.id) == false
   true == @is_uuid(.id)
     true == @is_uuid(.id)
   false == @is_uuid(.id)
     false == @is_uuid(.id)
   @is_uuid(.id) != true
     @is_uuid(.id) != true
   @is_uuid(.id) != false
     @is_uuid(.id) != false
   true != @is_uuid(.id)
     true != @is_uuid(.id)
   false != @is_uuid(.id)
     false != @is_uuid(.id)
-> !!@is_uuid(.id)
     @is_uuid(.id)
-> not not @is_uuid(.id)
     @is_uuid(.id)
   1 == 1
     1 == 1
   "a" == "b"
     "a" == "b"
   .a == .a
     .a == .a
   .a != .a
     .a != .a
   .a or true
     .a or true
   .a or false
     .a or false
   .a and true
     .a and true
   .a and false
     .a and false
   .a or .b and false
     .a or .b and false
   .a and (.b or false)
     .a and (.b or false)
-> if true then .a else .b end
     .a
   if .c then .x else .x end
     if .c then .x else .x end
   if .c then true else false end
     if .c then true else false end
   if .c then false else true end
     if .c then false else true end
-> if true then "yes" else "no" end
     "yes"
-> if false then "yes" else "no" end
     "no"
-> if true then .a else .b end
     .a
-> if false then .a else .b end
     .b
   if .c then "x" else "x" end
     if .c then "x" else "x" end
-> if .c then (if .c then .a else .b end) else .z end
     if .c then if .c then .a else .b end else .z end
   if .c then true else false end
     if .c then true else false end
   .c ? .a : .b
     .c ? .a : .b
   .c ? true : false
     .c ? true : false
-> if (.x == 1) then .a else .b end
     if .x == 1 then .a else .b end
-> .name startswith("a")
     .name startsWith "a"
-> !(.x == 1)
     .x != 1
   !(.x == 1 and .y == 2)
     !(.x == 1 and .y == 2)
-> not (.x == 1 or .y == 2)
     !(.x == 1 or .y == 2)
   @len(.x) == 0
     @len(.x) == 0
   @len(.x) != 0
     @len(.x) != 0
-> (.a)
     .a
-> !@is_empty(.a)
     @has_value(.a)
-> @is_empty(.a) == false
     @has_value(.a)
-> false == @is_empty(.a)
     @has_value(.a)
-> @is_empty(.a) and @is_empty(.b) == false
     @is_empty(.a) and @has_value(.b)
-> !@is_empty(f(.a, g(.b)))
     @has_value(f(.a, g(.b)))
   @len(.x) >= 0
     @len(.x) >= 0
   .x:number == 1
     .x:number == 1
   .msg == " and "
     .msg == " and "
   .a // .b
     .a // .b
   @is_empty(.a) and .b
     @is_empty(.a) and .b
   .x == 1 // note
     .x == 1 // note
=== Advisory ===
-> @is_uuid(.id) == true
     @is_uuid(.id)
-> @is_uuid(.id) == false
     !@is_uuid(.id)
-> true == @is_uuid(.id)
     @is_uuid(.id)
-> false == @is_uuid(.id)
     !@is_uuid(.id)
-> @is_uuid(.id) != true
     !@is_uuid(.id)
-> @is_uuid(.id) != false
     @is_uuid(.id)
-> true != @is_uuid(.id)
     !@is_uuid(.id)
-> false != @is_uuid(.id)
     @is_uuid(.id)
-> !!@is_uuid(.id)
     @is_uuid(.id)
-> not not @is_uuid(.id)
     @is_uuid(.id)
   1 == 1
     1 == 1
   "a" == "b"
     "a" == "b"
   .a == .a
     .a == .a
   .a != .a
     .a != .a
-> .a or true
     true
-> .a or false
     .a
-> .a and true
     .a
-> .a and false
     false
-> .a or .b and false
     .a
-> .a and (.b or false)
     .a and .b
-> if true then .a else .b end
     .a
-> if .c then .x else .x end
     .x
-> if .c then true else false end
     .c
-> if .c then false else true end
     !.c
-> if true then "yes" else "no" end
     "yes"
-> if false then "yes" else "no" end
     "no"
-> if true then .a else .b end
     .a
-> if false then .a else .b end
     .b
-> if .c then "x" else "x" end
     "x"
-> if .c then (if .c then .a else .b end) else .z end
     if .c then .a else .z end
-> if .c then true else false end
     .c
   .c ? .a : .b
     .c ? .a : .b
   .c ? true : false
     .c ? true : false
-> if (.x == 1) then .a else .b end
     if .x == 1 then .a else .b end
-> .name startswith("a")
     .name startsWith "a"
-> !(.x == 1)
     .x != 1
   !(.x == 1 and .y == 2)
     !(.x == 1 and .y == 2)
-> not (.x == 1 or .y == 2)
     !(.x == 1 or .y == 2)
-> @len(.x) == 0
     @is_empty(.x)
-> @len(.x) != 0
     @len(.x) > 0
-> (.a)
     .a
-> !@is_empty(.a)
     @has_value(.a)
-> @is_empty(.a) == false
     @has_value(.a)
-> false == @is_empty(.a)
     @has_value(.a)
-> @is_empty(.a) and @is_empty(.b) == false
     @is_empty(.a) and @has_value(.b)
-> !@is_empty(f(.a, g(.b)))
     @has_value(f(.a, g(.b)))
   @len(.x) >= 0
     @len(.x) >= 0
   .x:number == 1
     .x:number == 1
   .msg == " and "
     .msg == " and "
   .a // .b
     .a // .b
   @is_empty(.a) and .b
     @is_empty(.a) and .b
   .x == 1 // note
     .x == 1 // note
=== Aggressive ===
-> @is_uuid(.id) == true
     @is_uuid(.id)
-> @is_uuid(.id) == false
     !@is_uuid(.id)
-> true == @is_uuid(.id)
     @is_uuid(.id)
-> false == @is_uuid(.id)
     !@is_uuid(.id)
-> @is_uuid(.id) != true
     !@is_uuid(.id)
-> @is_uuid(.id) != false
     @is_uuid(.id)
-> true != @is_uuid(.id)
     !@is_uuid(.id)
-> false != @is_uuid(.id)
     @is_uuid(.id)
-> !!@is_uuid(.id)
     @is_uuid(.id)
-> not not @is_uuid(.id)
     @is_uuid(.id)
-> 1 == 1
     true
-> "a" == "b"
     false
-> .a == .a
     true
-> .a != .a
     false
-> .a or true
     true
-> .a or false
     .a
-> .a and true
     .a
-> .a and false
     false
-> .a or .b and false
     .a
-> .a and (.b or false)
     .a and .b
-> if true then .a else .b end
     .a
-> if .c then .x else .x end
     .x
-> if .c then true else false end
     .c
-> if .c then false else true end
     !.c
-> if true then "yes" else "no" end
     "yes"
-> if false then "yes" else "no" end
     "no"
-> if true then .a else .b end
     .a
-> if false then .a else .b end
     .b
-> if .c then "x" else "x" end
     "x"
-> if .c then (if .c then .a else .b end) else .z end
     if .c then .a else .z end
-> if .c then true else false end
     .c
   .c ? .a : .b
     .c ? .a : .b
   .c ? true : false
     .c ? true : false
-> if (.x == 1) then .a else .b end
     if .x == 1 then .a else .b end
-> .name startswith("a")
     .name startsWith "a"
-> !(.x == 1)
     .x != 1
   !(.x == 1 and .y == 2)
     !(.x == 1 and .y == 2)
-> not (.x == 1 or .y == 2)
     !(.x == 1 or .y == 2)
-> @len(.x) == 0
     @is_empty(.x)
-> @len(.x) != 0
     @len(.x) > 0
-> (.a)
     .a
-> !@is_empty(.a)
     @has_value(.a)
-> @is_empty(.a) == false
     @has_value(.a)
-> false == @is_empty(.a)
     @has_value(.a)
-> @is_empty(.a) and @is_empty(.b) == false
     @is_empty(.a) and @has_value(.b)
-> !@is_empty(f(.a, g(.b)))
     @has_value(f(.a, g(.b)))
-> @len(.x) >= 0
     true
   .x:number == 1
     .x:number == 1
   .msg == " and "
     .msg == " and "
   .a // .b
     .a // .b
   @is_empty(.a) and .b
     @is_empty(.a) and .b
   .x == 1 // note
     .x == 1 // note
