{
  "total": 2,
  "passed": 1,
  "failed": 1,
  "skipped": 0,
  "results": [
    {
      "name": "<TMPDIR>/a_pass.gctf",
      "family": "gctf",
      "status": "Pass",
      "duration_ms": 0,
      "call_duration_ms": 0,
      "error_message": null,
      "execution_time": <EPOCH_S>,
      "assertions": [
        {
          "line": 11,
          "expression": ".status == \"SERVING\"",
          "passed": true,
          "elapsed_ms": 0,
          "endpoint": "grpc.health.v1.Health/Check"
        }
      ],
      "exchange": {
        "headers": {
          "content-type": "application/grpc",
          "date": "<HTTP_DATE>"
        },
        "trailers": {
          "grpc-status": "0"
        },
        "response": [
          {
            "status": "SERVING"
          }
        ],
        "truncated": false
      },
      "document_durations_ms": [0],
      "config_summary": {
        "sections": [
          "ADDRESS",
          "ENDPOINT",
          "REQUEST",
          "ASSERTS"
        ],
        "chain_steps": 1
      }
    },
    {
      "name": "<TMPDIR>/b_fail.gctf",
      "family": "gctf",
      "status": "Fail",
      "duration_ms": 0,
      "call_duration_ms": 0,
      "error_message": "Validation failed:\n  - Assertion failed at line 10 (assertion at line 11): Assertion failed: .status == \"NOT_SERVING\" (Values: \"SERVING\" vs \"NOT_SERVING\")\n  -     Expected: == \"NOT_SERVING\"\n    Actual:   \"SERVING\"",
      "execution_time": <EPOCH_S>,
      "assertions": [
        {
          "line": 11,
          "expression": ".status == \"NOT_SERVING\"",
          "passed": false,
          "elapsed_ms": 0,
          "message": "Assertion failed: .status == \"NOT_SERVING\" (Values: \"SERVING\" vs \"NOT_SERVING\")",
          "endpoint": "grpc.health.v1.Health/Check",
          "expected": "== \"NOT_SERVING\"",
          "actual": "\"SERVING\""
        }
      ],
      "exchange": {
        "headers": {
          "content-type": "application/grpc",
          "date": "<HTTP_DATE>"
        },
        "trailers": {
          "grpc-status": "0"
        },
        "response": [
          {
            "status": "SERVING"
          }
        ],
        "truncated": false
      },
      "document_durations_ms": [0],
      "config_summary": {
        "sections": [
          "ADDRESS",
          "ENDPOINT",
          "REQUEST",
          "ASSERTS"
        ],
        "chain_steps": 1
      }
    }
  ],
  "metrics": {
    "total_duration_ms": 0,
    "start_time": <EPOCH_S>,
    "end_time": 0,
    "rpc_calls": 2,
    "total_rpc_ms": 0,
    "sum_test_ms": 0,
    "parallel_jobs": 1
  },
  "report_context": {
    "tool": "grpctestify",
    "version":"<VERSION>",
    "generated_at": <EPOCH_S>
  }
}