<?xml version="1.0" encoding="UTF-8"?>
<testsuites name="grpctestify" time="<N>" tests="2" failures="1" errors="0" skipped="0">
<testsuite name="e2e" time="<N>" tests="2" failures="1" errors="0" skipped="0">
    <testcase name="<TMPDIR>/a_pass.gctf" classname="a_pass" time="<N>">
      <properties>
        <property name="family" value="gctf"/>
      </properties>
      <system-out>=== Captured exchange ===
headers:
  content-type: application/grpc
  date: <HTTP_DATE>
trailers:
  grpc-status: 0
response:
{
  &quot;status&quot;: &quot;SERVING&quot;
}</system-out>
    </testcase>
    <testcase name="<TMPDIR>/b_fail.gctf" classname="b_fail" time="<N>">
      <properties>
        <property name="family" value="gctf"/>
      </properties>
      <failure message="Validation failed:
  - Assertion failed at line 10 (assertion at line 11): Assertion failed: .status == &quot;NOT_SERVING&quot; (Values: &quot;SERVING&quot; vs &quot;NOT_SERVING&quot;)
  -     Expected: == &quot;NOT_SERVING&quot;
    Actual:   &quot;SERVING&quot;" type="AssertionError">Validation failed:
  - Assertion failed at line 10 (assertion at line 11): Assertion failed: .status == &quot;NOT_SERVING&quot; (Values: &quot;SERVING&quot; vs &quot;NOT_SERVING&quot;)
  -     Expected: == &quot;NOT_SERVING&quot;
    Actual:   &quot;SERVING&quot;

  line 11: .status == &quot;NOT_SERVING&quot;
    expected: == &quot;NOT_SERVING&quot;
    actual:   &quot;SERVING&quot;</failure>
      <system-out>=== Captured exchange ===
headers:
  content-type: application/grpc
  date: <HTTP_DATE>
trailers:
  grpc-status: 0
response:
{
  &quot;status&quot;: &quot;SERVING&quot;
}</system-out>
    </testcase>
  </testsuite>
</testsuites>
