{"event":"suite_start","testCount":2,"timestamp":"<ISO_TS>"}
{"event":"test_start","testId":"<TMPDIR>/a_pass.gctf","timestamp":"<ISO_TS>"}
{"event":"test_pass","testId":"<TMPDIR>/a_pass.gctf","duration":0,"timestamp":"<ISO_TS>","grpcDuration":0,"assertions":[{"line":11,"expression":".status == \"SERVING\"","passed":true}]}
{"event":"test_start","testId":"<TMPDIR>/b_fail.gctf","timestamp":"<ISO_TS>"}
{"event":"test_fail","testId":"<TMPDIR>/b_fail.gctf","duration":0,"timestamp":"<ISO_TS>","message":"Validation failed:\n  - Assertion failed at line 9 (assertion at line 11): Assertion failed: .status == \"NOT_SERVING\" (Values: String(\"SERVING\") vs String(\"NOT_SERVING\"))\n  -     Expected: == String(\"NOT_SERVING\")\n    Actual:   String(\"SERVING\")","grpcDuration":0,"assertions":[{"line":11,"expression":".status == \"NOT_SERVING\"","passed":false,"expected":"== String(\"NOT_SERVING\")","actual":"String(\"SERVING\")","message":"Assertion failed: .status == \"NOT_SERVING\" (Values: String(\"SERVING\") vs String(\"NOT_SERVING\"))"}]}
{"event":"suite_end","summary":{"total":2,"passed":1,"failed":1,"skipped":0,"duration":0},"timestamp":"<ISO_TS>"}
