=== STDOUT ===
Running 2 tests

grpctestify ════════════════════════════════════════════════════════════════════
   ✗ FAILED  1 failed · 1 passed · <MS>ms
────────────────────────────────────────────────────────────────────────────────
📊 Execution Statistics:
   • Total tests: 2
   • Passed: 1
   • Failed: 1
   • Skipped: 0
   • Duration: <MS>ms
   • Average per test: <MS>ms
   • gRPC: total <MS>ms, avg <MS>ms per call
   • Overhead: <MS>ms total, avg <MS>ms per test
   • Mode: Sequential
   • Success rate: 50% (1/2 executed)
────────────────────────────────────────────────────────────────────────────────
❌ Failed Tests:
   • <TMPDIR>/b_fail.gctf (<MS>ms)
      Error: Validation failed:
  - Assertion failed at line 10 (assertion at line 11): Assertion failed: .status == "NOT_SERVING" (Values: "SERVING" vs "NOT_SERVING")
  -     Expected: == "NOT_SERVING"
    Actual:   "SERVING"
────────────────────────────────────────────────────────────────────────────────
🔧 Environment:
   • Address: localhost:4770 (the gRPC default, where a file names none)
   • Sort Mode: path
   • Dry Run: Disabled (real calls)
✨ No warnings detected
════════════════════════════════════════════════════════════════════════════════

=== STDERR ===
